// Jest Snapshot v1, https://goo.gl/fbAQLP

exports[`<Counter /> should render 3 1`] = `
<section
  className="counter"
>
  Posts count: 3
</section>
`;
